// Jest Snapshot v1, https://goo.gl/fbAQLP

exports[`CartList should be able to render 1`] = `
<main
  class="sc-dQppl YkPUn"
>
  <div
    class="sc-jSgupP hnZGpM"
  >
    <div
      class="sc-gKsewC jSeLHy"
    >
      <div
        class="sc-iBPRYJ bZbbiG"
      >
        <img
          alt="Red Dead Redemption 2"
          src="https://source.unsplash.com/user/willianjusten/151x70"
        />
      </div>
      <div
        class="sc-fubCfw fuuBOu"
      >
        <h3
          class="sc-pFZIQ hXPbHb"
        >
          Red Dead Redemption 2
        </h3>
        <p
          class="sc-jrAGrp dzLsER"
        >
          R$ 215,00
        </p>
      </div>
    </div>
  </div>
  <div
    class="sc-jSgupP hnZGpM"
  >
    <div
      class="sc-gKsewC jSeLHy"
    >
      <div
        class="sc-iBPRYJ bZbbiG"
      >
        <img
          alt="Borderlands 3"
          src="https://source.unsplash.com/user/willianjusten/151x70"
        />
      </div>
      <div
        class="sc-fubCfw fuuBOu"
      >
        <h3
          class="sc-pFZIQ hXPbHb"
        >
          Borderlands 3
        </h3>
        <p
          class="sc-jrAGrp dzLsER"
        >
          R$ 215,00
        </p>
      </div>
    </div>
  </div>
  <div
    class="sc-kstrdz kdCJOz"
  >
    <span>
      Total:
    </span>
    <span
      class="sc-hBEYos cjSLUH"
    >
      R$ 330,00
    </span>
  </div>
</main>
`;
