// Jest Snapshot v1, https://goo.gl/fbAQLP

exports[`CartList should be able to render 1`] = `
<main
  class="sc-kstrdz gXjLku"
>
  <div
    class="sc-hBEYos ieNNDx"
  >
    <div
      class="sc-jSgupP hnZGpM"
    >
      <div
        class="sc-gKsewC jSeLHy"
      >
        <div
          class="sc-iBPRYJ bZbbiG"
        >
          <img
            alt="Red Dead Redemption 2"
            src="https://source.unsplash.com/user/willianjusten/151x70"
          />
        </div>
        <div
          class="sc-fubCfw bpBGEF"
        >
          <h3
            class="sc-kEjbxe gNpxNo"
          >
            Red Dead Redemption 2
          </h3>
          <div
            class="sc-pFZIQ lppYwz"
          >
            <p
              class="sc-iqHYGH cjANlT"
            >
              R$ 215,00
            </p>
          </div>
        </div>
      </div>
    </div>
    <div
      class="sc-jSgupP hnZGpM"
    >
      <div
        class="sc-gKsewC jSeLHy"
      >
        <div
          class="sc-iBPRYJ bZbbiG"
        >
          <img
            alt="Borderlands 3"
            src="https://source.unsplash.com/user/willianjusten/151x70"
          />
        </div>
        <div
          class="sc-fubCfw bpBGEF"
        >
          <h3
            class="sc-kEjbxe gNpxNo"
          >
            Borderlands 3
          </h3>
          <div
            class="sc-pFZIQ lppYwz"
          >
            <p
              class="sc-iqHYGH cjANlT"
            >
              R$ 215,00
            </p>
          </div>
        </div>
      </div>
    </div>
  </div>
  <div
    class="sc-fFubgz hfMkoR"
  >
    <span>
      Total:
    </span>
    <span
      class="sc-bkzZxe dJFdXZ"
    >
      R$ 330,00
    </span>
  </div>
</main>
`;
