// Jest Snapshot v1, https://goo.gl/fbAQLP

exports[`Game should be able to render with components 1`] = `
.c7 {
  color: #FAFAFA;
  padding-left: 0.8rem;
  border-left: 0.7rem solid #3CD3C1;
  font-size: 2.0rem;
}

.c6 {
  color: #FAFAFA;
}

.c6 h1,
.c6 h2,
.c6 h3,
.c6 h4,
.c6 h5,
.c6 h6 {
  color: #FAFAFA;
  margin: 1.6rem 0;
  padding-left: 0.8rem;
  border-left: 0.7rem solid #3CD3C1;
}

.c6 p {
  margin-bottom: 1.6rem;
}

.c6 a {
  color: #F231A5;
}

.c6 img {
  max-width: min(70rem,100%);
  margin-bottom: 1.6rem;
}

.c6 ul,
.c6 ol {
  padding: 1.6rem 2.4rem;
}

.c6 hr {
  margin: 2.4rem 0;
}

.c8 {
  margin: 5.6rem auto 3.2rem;
  height: 0.1rem;
  background: rgba(181,181,181,0.3);
  border: 0;
}

.c2 {
  width: 100%;
  max-width: 130rem;
  margin-left: auto;
  margin-right: auto;
  padding-left: calc(3.2rem / 2);
  padding-right: calc(3.2rem / 2);
}

.c1 {
  margin-top: 20rem;
}

.c0 {
  position: absolute;
  top: 0;
  right: 0;
  left: 0;
  height: 39.5rem;
  background-image: url(bg-image.jpg);
  background-size: cover;
  background-position: top center;
  opacity: 0.4;
}

.c3 {
  margin-bottom: 4.8rem;
}

.c4 {
  display: none;
}

.c5 .description__copyrights {
  color: #8F8F8F;
  font-size: 1.2rem;
  margin-top: 3.2rem;
}

@media (min-width:768px) {
  .c7 {
    font-size: 2.8rem;
  }
}

@media (min-width:768px) {
  .c6 {
    background: #FAFAFA;
    padding: 3.2rem;
    color: #030517;
  }
}

@media (min-width:768px) {
  .c6 h1,
  .c6 h2,
  .c6 h3,
  .c6 h4,
  .c6 h5,
  .c6 h6 {
    color: #030517;
  }
}

@media (min-width:768px) {
  .c8 {
    margin: calc(5.6rem * 2.5) auto 5.6rem;
  }
}

@media (min-width:768px) {
  .c1 {
    margin-top: 45rem;
  }
}

@media (min-width:768px) {
  .c0 {
    height: 70rem;
    -webkit-clip-path: polygon(0 0,100% 0,100% 100%,0 85%);
    clip-path: polygon(0 0,100% 0,100% 100%,0 85%);
  }
}

@media (min-width:768px) {
  .c3 {
    margin-bottom: calc(4.8rem * 2);
  }
}

@media (min-width:768px) {
  .c4 {
    display: block;
  }
}

<div
  data-testid="Mock Base"
>
  <div
    aria-label="cover"
    class="c0"
    role="image"
    src="bg-image.jpg"
  />
  <main
    class="c1"
  >
    <section
      class="c2 c3"
    >
      <div
        data-testid="Mock GameInfo"
      />
    </section>
    <section
      class="c2 c3 c4"
    >
      <div
        data-testid="Mock Gallery"
      />
    </section>
    <section
      class="c2 c3 c5"
    >
      <div
        class="c6"
      >
        <h2
          class="c7"
          color="white"
        >
          Description
        </h2>
        <div>
          <h1>
            Custom HTML
          </h1>
        </div>
      </div>
    </section>
    <section
      class="c2 c3"
    >
      <div
        data-testid="Mock GameDetails"
      />
      <hr
        class="c8"
      />
    </section>
    <div
      data-testid="Mock Showcase"
    />
    <div
      data-testid="Mock Showcase"
    />
  </main>
</div>
`;
