// Jest Snapshot v1, https://goo.gl/fbAQLP

exports[`Highlight should be able to render background image 1`] = `
<section
  class="sc-bdfBwQ cGYIoj"
>
  <img
    alt="heading 1"
    class="sc-gsTCUz egLOHZ"
    src="/float-image.png"
  />
  <div
    class="sc-dlfnbm kXoxNa"
  >
    <h2
      class="sc-hKgILt llWGmG"
    >
      heading 1
    </h2>
    <h3
      class="sc-eCssSg hgfixj"
    >
      heading 2
    </h3>
    <a
      class="sc-jSgupP fQOmRy"
      href="/rdr2"
    >
      <span>
        Buy now
      </span>
    </a>
  </div>
</section>
`;

exports[`Highlight should be able to render headings and button 1`] = `
<section
  class="sc-bdfBwQ cGYIoj"
>
  <img
    alt="heading 1"
    class="sc-gsTCUz egLOHZ"
    src="/float-image.png"
  />
  <div
    class="sc-dlfnbm kXoxNa"
  >
    <h2
      class="sc-hKgILt llWGmG"
    >
      heading 1
    </h2>
    <h3
      class="sc-eCssSg hgfixj"
    >
      heading 2
    </h3>
    <a
      class="sc-jSgupP fQOmRy"
      href="/rdr2"
    >
      <span>
        Buy now
      </span>
    </a>
  </div>
</section>
`;
